[2026-08-03T13:26:29-04:00] MASTER START: gemma2b qwen3_4b phi4mini ornith9b mistral7b llama3it llama3base gemma9b
[2026-08-03T13:26:29-04:00] === gemma2b ===
[2026-08-03T13:26:29-04:00] gemma2b layer=14
[2026-08-03T13:26:29-04:00] gemma2b COMPLETE (baseline+sweep+overhang). Held-out separability runs post-c*.
[2026-08-03T13:26:29-04:00] === gemma2b rc=0 ===
[2026-08-03T13:26:29-04:00] === qwen3_4b ===
[2026-08-03T13:26:29-04:00] qwen3_4b extract start
[2026-08-03T13:26:29-04:00] qwen3_4b chunked extract: 1225 pairs, 8 chunks (~154 each)
[2026-08-03T13:26:29-04:00] qwen3_4b chunk 1: lines 1-154 (154 pairs) -> /home/darkfibr/gradient_extension/results/qwen3_4b/chunks/cv_chunk_1.gguf
[2026-08-03T13:27:01-04:00] qwen3_4b chunk 2: lines 155-308 (154 pairs) -> /home/darkfibr/gradient_extension/results/qwen3_4b/chunks/cv_chunk_2.gguf
[2026-08-03T13:27:31-04:00] qwen3_4b chunk 3: lines 309-462 (154 pairs) -> /home/darkfibr/gradient_extension/results/qwen3_4b/chunks/cv_chunk_3.gguf
[2026-08-03T13:28:02-04:00] qwen3_4b chunk 4: lines 463-616 (154 pairs) -> /home/darkfibr/gradient_extension/results/qwen3_4b/chunks/cv_chunk_4.gguf
[2026-08-03T13:28:32-04:00] qwen3_4b chunk 5: lines 617-770 (154 pairs) -> /home/darkfibr/gradient_extension/results/qwen3_4b/chunks/cv_chunk_5.gguf
[2026-08-03T13:29:03-04:00] qwen3_4b chunk 6: lines 771-924 (154 pairs) -> /home/darkfibr/gradient_extension/results/qwen3_4b/chunks/cv_chunk_6.gguf
[2026-08-03T13:29:33-04:00] qwen3_4b chunk 7: lines 925-1078 (154 pairs) -> /home/darkfibr/gradient_extension/results/qwen3_4b/chunks/cv_chunk_7.gguf
[2026-08-03T13:30:03-04:00] qwen3_4b chunk 8: lines 1079-1225 (147 pairs) -> /home/darkfibr/gradient_extension/results/qwen3_4b/chunks/cv_chunk_8.gguf
manifest: 8 chunks, 1225 pairs total
MERGE FAILED qwen3_4b (rc=1)
Traceback (most recent call last):
  File "/home/darkfibr/gradient_extension/merge_chunk_vectors.py", line 95, in <module>
    main()
  File "/home/darkfibr/gradient_extension/merge_chunk_vectors.py", line 63, in main
    parsed = [parse(p) for p in chunk_paths]
             ^^^^^^^^^^^^^^^^^^^^^^^^^^^^^^^
  File "/home/darkfibr/gradient_extension/merge_chunk_vectors.py", line 63, in <listcomp>
    parsed = [parse(p) for p in chunk_paths]
              ^^^^^^^^
  File "/home/darkfibr/gradient_extension/merge_chunk_vectors.py", line 38, in parse
    n_dims = struct.unpack_from('<I', data, pos)[0]; pos += 4
             ^^^^^^^^^^^^^^^^^^^^^^^^^^^^^^^^^^^
struct.error: unpack_from requires a buffer of at least 8028075781017201183 bytes for unpacking 4 bytes at offset 8028075781017201179 (actual buffer size is 360128)
EXTRACT FAILED qwen3_4b (chunked rc)
[2026-08-03T13:30:32-04:00] === qwen3_4b rc=1 ===
[2026-08-03T13:30:32-04:00] === phi4mini ===
[2026-08-03T13:30:32-04:00] phi4mini extract start
[2026-08-03T13:30:32-04:00] phi4mini chunked extract: 1225 pairs, 8 chunks (~154 each)
[2026-08-03T13:30:32-04:00] phi4mini chunk 1: lines 1-154 (154 pairs) -> /home/darkfibr/gradient_extension/results/phi4mini/chunks/cv_chunk_1.gguf
[2026-08-03T13:31:07-04:00] phi4mini chunk 2: lines 155-308 (154 pairs) -> /home/darkfibr/gradient_extension/results/phi4mini/chunks/cv_chunk_2.gguf
[2026-08-03T13:31:41-04:00] phi4mini chunk 3: lines 309-462 (154 pairs) -> /home/darkfibr/gradient_extension/results/phi4mini/chunks/cv_chunk_3.gguf
[2026-08-03T13:32:16-04:00] phi4mini chunk 4: lines 463-616 (154 pairs) -> /home/darkfibr/gradient_extension/results/phi4mini/chunks/cv_chunk_4.gguf
[2026-08-03T13:32:51-04:00] phi4mini chunk 5: lines 617-770 (154 pairs) -> /home/darkfibr/gradient_extension/results/phi4mini/chunks/cv_chunk_5.gguf
[2026-08-03T13:33:25-04:00] phi4mini chunk 6: lines 771-924 (154 pairs) -> /home/darkfibr/gradient_extension/results/phi4mini/chunks/cv_chunk_6.gguf
[2026-08-03T13:33:59-04:00] phi4mini chunk 7: lines 925-1078 (154 pairs) -> /home/darkfibr/gradient_extension/results/phi4mini/chunks/cv_chunk_7.gguf
[2026-08-03T13:34:33-04:00] phi4mini chunk 8: lines 1079-1225 (147 pairs) -> /home/darkfibr/gradient_extension/results/phi4mini/chunks/cv_chunk_8.gguf
manifest: 8 chunks, 1225 pairs total
MERGE FAILED phi4mini (rc=1)
Traceback (most recent call last):
  File "/home/darkfibr/gradient_extension/merge_chunk_vectors.py", line 95, in <module>
    main()
  File "/home/darkfibr/gradient_extension/merge_chunk_vectors.py", line 63, in main
    parsed = [parse(p) for p in chunk_paths]
             ^^^^^^^^^^^^^^^^^^^^^^^^^^^^^^^
  File "/home/darkfibr/gradient_extension/merge_chunk_vectors.py", line 63, in <listcomp>
    parsed = [parse(p) for p in chunk_paths]
              ^^^^^^^^
  File "/home/darkfibr/gradient_extension/merge_chunk_vectors.py", line 38, in parse
    n_dims = struct.unpack_from('<I', data, pos)[0]; pos += 4
             ^^^^^^^^^^^^^^^^^^^^^^^^^^^^^^^^^^^
struct.error: unpack_from requires a buffer of at least 8028075781017201182 bytes for unpacking 4 bytes at offset 8028075781017201178 (actual buffer size is 382464)
EXTRACT FAILED phi4mini (chunked rc)
[2026-08-03T13:35:06-04:00] === phi4mini rc=1 ===
[2026-08-03T13:35:06-04:00] === ornith9b ===
[2026-08-03T13:35:06-04:00] ornith9b extract start
[2026-08-03T13:35:06-04:00] ornith9b chunked extract: 1225 pairs, 8 chunks (~154 each)
[2026-08-03T13:35:06-04:00] ornith9b chunk 1: lines 1-154 (154 pairs) -> /home/darkfibr/gradient_extension/results/ornith9b/chunks/cv_chunk_1.gguf
/home/darkfibr/gradient_extension/extract_chunked.sh: line 51: 1985688 Aborted                    (core dumped) "$CVECTOR" -m "$MPATH" --method mean --positive-file "$CP" --negative-file "$CN" -o "$CVCHUNK" -t "$THREADS" -ngl "$NGL" > "$MRES/chunks/chunk_${c}.log" 2>&1
EXTRACT FAILED ornith9b chunk 1 (rc=134)
EXTRACT FAILED ornith9b (chunked rc)
[2026-08-03T13:35:10-04:00] === ornith9b rc=1 ===
[2026-08-03T13:35:10-04:00] === mistral7b ===
[2026-08-03T13:35:10-04:00] mistral7b extract start
[2026-08-03T13:35:10-04:00] mistral7b chunked extract: 1225 pairs, 8 chunks (~154 each)
[2026-08-03T13:35:10-04:00] mistral7b chunk 1: lines 1-154 (154 pairs) -> /home/darkfibr/gradient_extension/results/mistral7b/chunks/cv_chunk_1.gguf
[2026-08-03T13:35:42-04:00] mistral7b chunk 2: lines 155-308 (154 pairs) -> /home/darkfibr/gradient_extension/results/mistral7b/chunks/cv_chunk_2.gguf
[2026-08-03T13:36:15-04:00] mistral7b chunk 3: lines 309-462 (154 pairs) -> /home/darkfibr/gradient_extension/results/mistral7b/chunks/cv_chunk_3.gguf
[2026-08-03T13:36:47-04:00] mistral7b chunk 4: lines 463-616 (154 pairs) -> /home/darkfibr/gradient_extension/results/mistral7b/chunks/cv_chunk_4.gguf
[2026-08-03T13:37:22-04:00] mistral7b chunk 5: lines 617-770 (154 pairs) -> /home/darkfibr/gradient_extension/results/mistral7b/chunks/cv_chunk_5.gguf
[2026-08-03T13:37:55-04:00] mistral7b chunk 6: lines 771-924 (154 pairs) -> /home/darkfibr/gradient_extension/results/mistral7b/chunks/cv_chunk_6.gguf
[2026-08-03T13:38:28-04:00] mistral7b chunk 7: lines 925-1078 (154 pairs) -> /home/darkfibr/gradient_extension/results/mistral7b/chunks/cv_chunk_7.gguf
[2026-08-03T13:39:00-04:00] mistral7b chunk 8: lines 1079-1225 (147 pairs) -> /home/darkfibr/gradient_extension/results/mistral7b/chunks/cv_chunk_8.gguf
manifest: 8 chunks, 1225 pairs total
[2026-08-03T13:39:32-04:00] mistral7b chunked extract COMPLETE -> /home/darkfibr/gradient_extension/results/mistral7b/cv_mistral7b.gguf
[2026-08-03T13:39:32-04:00] mistral7b layer-select start
[2026-08-03T13:46:57-04:00] mistral7b layer=9
[2026-08-03T13:46:57-04:00] mistral7b baseline start
[2026-08-03T13:48:27-04:00] mistral7b sweep c=0.5 start
[2026-08-03T13:49:57-04:00] mistral7b sweep c=1 start
[2026-08-03T13:51:27-04:00] mistral7b sweep c=2 start
[2026-08-03T13:52:58-04:00] mistral7b sweep c=4 start
[2026-08-03T13:54:28-04:00] mistral7b sweep c=8 start
[2026-08-03T13:55:58-04:00] mistral7b sweep c=16 start
[2026-08-03T13:57:29-04:00] mistral7b sweep c=32 start
[2026-08-03T13:58:59-04:00] mistral7b sweep c=64 start
[2026-08-03T14:00:29-04:00] mistral7b sweep c=128 start
[2026-08-03T14:02:00-04:00] mistral7b sweep c=192 start
[2026-08-03T14:03:30-04:00] mistral7b sweep c=256 start
[2026-08-03T14:05:00-04:00] mistral7b overhang start
[2026-08-03T14:07:45-04:00] mistral7b COMPLETE (baseline+sweep+overhang). Held-out separability runs post-c*.
[2026-08-03T14:07:45-04:00] === mistral7b rc=0 ===
[2026-08-03T14:07:45-04:00] === llama3it ===
[2026-08-03T14:07:45-04:00] llama3it extract start
[2026-08-03T14:07:45-04:00] llama3it chunked extract: 1225 pairs, 8 chunks (~154 each)
[2026-08-03T14:07:45-04:00] llama3it chunk 1: lines 1-154 (154 pairs) -> /home/darkfibr/gradient_extension/results/llama3it/chunks/cv_chunk_1.gguf
[2026-08-03T14:08:19-04:00] llama3it chunk 2: lines 155-308 (154 pairs) -> /home/darkfibr/gradient_extension/results/llama3it/chunks/cv_chunk_2.gguf
[2026-08-03T14:08:50-04:00] llama3it chunk 3: lines 309-462 (154 pairs) -> /home/darkfibr/gradient_extension/results/llama3it/chunks/cv_chunk_3.gguf
[2026-08-03T14:09:23-04:00] llama3it chunk 4: lines 463-616 (154 pairs) -> /home/darkfibr/gradient_extension/results/llama3it/chunks/cv_chunk_4.gguf
[2026-08-03T14:09:57-04:00] llama3it chunk 5: lines 617-770 (154 pairs) -> /home/darkfibr/gradient_extension/results/llama3it/chunks/cv_chunk_5.gguf
[2026-08-03T14:10:32-04:00] llama3it chunk 6: lines 771-924 (154 pairs) -> /home/darkfibr/gradient_extension/results/llama3it/chunks/cv_chunk_6.gguf
[2026-08-03T14:11:05-04:00] llama3it chunk 7: lines 925-1078 (154 pairs) -> /home/darkfibr/gradient_extension/results/llama3it/chunks/cv_chunk_7.gguf
[2026-08-03T14:11:37-04:00] llama3it chunk 8: lines 1079-1225 (147 pairs) -> /home/darkfibr/gradient_extension/results/llama3it/chunks/cv_chunk_8.gguf
manifest: 8 chunks, 1225 pairs total
[2026-08-03T14:12:07-04:00] llama3it chunked extract COMPLETE -> /home/darkfibr/gradient_extension/results/llama3it/cv_llama3it.gguf
[2026-08-03T14:12:07-04:00] llama3it layer=14
[2026-08-03T14:12:07-04:00] llama3it baseline start
[2026-08-03T14:13:43-04:00] llama3it sweep c=0.5 start
[2026-08-03T14:15:18-04:00] llama3it sweep c=1 start
[2026-08-03T14:16:53-04:00] llama3it sweep c=2 start
[2026-08-03T14:18:28-04:00] llama3it sweep c=4 start
[2026-08-03T14:20:03-04:00] llama3it sweep c=8 start
[2026-08-03T14:21:33-04:00] llama3it sweep c=16 start
[2026-08-03T14:23:08-04:00] llama3it sweep c=32 start
[2026-08-03T14:24:43-04:00] llama3it sweep c=64 start
[2026-08-03T14:26:18-04:00] llama3it sweep c=128 start
[2026-08-03T14:27:53-04:00] llama3it sweep c=192 start
[2026-08-03T14:29:28-04:00] llama3it sweep c=256 start
[2026-08-03T14:31:04-04:00] llama3it overhang start
[2026-08-03T14:33:05-04:00] llama3it COMPLETE (baseline+sweep+overhang). Held-out separability runs post-c*.
[2026-08-03T14:33:05-04:00] === llama3it rc=0 ===
[2026-08-03T14:33:05-04:00] === llama3base ===
[2026-08-03T14:33:05-04:00] llama3base extract start
[2026-08-03T14:33:05-04:00] llama3base chunked extract: 1225 pairs, 8 chunks (~154 each)
[2026-08-03T14:33:05-04:00] llama3base chunk 1: lines 1-154 (154 pairs) -> /home/darkfibr/gradient_extension/results/llama3base/chunks/cv_chunk_1.gguf
[2026-08-03T14:33:39-04:00] llama3base chunk 2: lines 155-308 (154 pairs) -> /home/darkfibr/gradient_extension/results/llama3base/chunks/cv_chunk_2.gguf
[2026-08-03T14:34:10-04:00] llama3base chunk 3: lines 309-462 (154 pairs) -> /home/darkfibr/gradient_extension/results/llama3base/chunks/cv_chunk_3.gguf
[2026-08-03T14:34:44-04:00] llama3base chunk 4: lines 463-616 (154 pairs) -> /home/darkfibr/gradient_extension/results/llama3base/chunks/cv_chunk_4.gguf
[2026-08-03T14:35:15-04:00] llama3base chunk 5: lines 617-770 (154 pairs) -> /home/darkfibr/gradient_extension/results/llama3base/chunks/cv_chunk_5.gguf
[2026-08-03T14:35:49-04:00] llama3base chunk 6: lines 771-924 (154 pairs) -> /home/darkfibr/gradient_extension/results/llama3base/chunks/cv_chunk_6.gguf
[2026-08-03T14:36:21-04:00] llama3base chunk 7: lines 925-1078 (154 pairs) -> /home/darkfibr/gradient_extension/results/llama3base/chunks/cv_chunk_7.gguf
[2026-08-03T14:36:54-04:00] llama3base chunk 8: lines 1079-1225 (147 pairs) -> /home/darkfibr/gradient_extension/results/llama3base/chunks/cv_chunk_8.gguf
manifest: 8 chunks, 1225 pairs total
[2026-08-03T14:37:25-04:00] llama3base chunked extract COMPLETE -> /home/darkfibr/gradient_extension/results/llama3base/cv_llama3base.gguf
[2026-08-03T14:37:25-04:00] llama3base layer-select start
[2026-08-03T14:44:00-04:00] llama3base layer=19
[2026-08-03T14:44:00-04:00] llama3base baseline start
[2026-08-03T14:45:33-04:00] llama3base sweep c=0.5 start
[2026-08-03T14:47:07-04:00] llama3base sweep c=1 start
[2026-08-03T14:48:40-04:00] llama3base sweep c=2 start
[2026-08-03T14:50:13-04:00] llama3base sweep c=4 start
[2026-08-03T14:51:47-04:00] llama3base sweep c=8 start
[2026-08-03T14:53:21-04:00] llama3base sweep c=16 start
[2026-08-03T14:54:56-04:00] llama3base sweep c=32 start
[2026-08-03T14:56:31-04:00] llama3base sweep c=64 start
[2026-08-03T14:58:06-04:00] llama3base sweep c=128 start
[2026-08-03T14:59:41-04:00] llama3base sweep c=192 start
[2026-08-03T15:01:17-04:00] llama3base sweep c=256 start
[2026-08-03T15:02:52-04:00] llama3base overhang start
[2026-08-03T15:05:47-04:00] llama3base COMPLETE (baseline+sweep+overhang). Held-out separability runs post-c*.
[2026-08-03T15:05:47-04:00] === llama3base rc=0 ===
[2026-08-03T15:05:47-04:00] === gemma9b ===
[2026-08-03T15:05:47-04:00] gemma9b extract start
[2026-08-03T15:05:47-04:00] gemma9b chunked extract: 1225 pairs, 8 chunks (~154 each)
[2026-08-03T15:05:47-04:00] gemma9b chunk 1: lines 1-154 (154 pairs) -> /home/darkfibr/gradient_extension/results/gemma9b/chunks/cv_chunk_1.gguf
[2026-08-03T15:06:31-04:00] gemma9b chunk 2: lines 155-308 (154 pairs) -> /home/darkfibr/gradient_extension/results/gemma9b/chunks/cv_chunk_2.gguf
[2026-08-03T15:07:10-04:00] gemma9b chunk 3: lines 309-462 (154 pairs) -> /home/darkfibr/gradient_extension/results/gemma9b/chunks/cv_chunk_3.gguf
[2026-08-03T15:07:53-04:00] gemma9b chunk 4: lines 463-616 (154 pairs) -> /home/darkfibr/gradient_extension/results/gemma9b/chunks/cv_chunk_4.gguf
[2026-08-03T15:08:36-04:00] gemma9b chunk 5: lines 617-770 (154 pairs) -> /home/darkfibr/gradient_extension/results/gemma9b/chunks/cv_chunk_5.gguf
[2026-08-03T15:09:17-04:00] gemma9b chunk 6: lines 771-924 (154 pairs) -> /home/darkfibr/gradient_extension/results/gemma9b/chunks/cv_chunk_6.gguf
[2026-08-03T15:09:59-04:00] gemma9b chunk 7: lines 925-1078 (154 pairs) -> /home/darkfibr/gradient_extension/results/gemma9b/chunks/cv_chunk_7.gguf
[2026-08-03T15:10:40-04:00] gemma9b chunk 8: lines 1079-1225 (147 pairs) -> /home/darkfibr/gradient_extension/results/gemma9b/chunks/cv_chunk_8.gguf
manifest: 8 chunks, 1225 pairs total
[2026-08-03T15:11:21-04:00] gemma9b chunked extract COMPLETE -> /home/darkfibr/gradient_extension/results/gemma9b/cv_gemma9b.gguf
[2026-08-03T15:11:21-04:00] gemma9b layer=23
[2026-08-03T15:11:21-04:00] gemma9b baseline start
[2026-08-03T15:13:25-04:00] gemma9b sweep c=0.5 start
[2026-08-03T15:15:28-04:00] gemma9b sweep c=1 start
[2026-08-03T15:17:33-04:00] gemma9b sweep c=2 start
[2026-08-03T15:19:35-04:00] gemma9b sweep c=4 start
[2026-08-03T15:21:40-04:00] gemma9b sweep c=8 start
[2026-08-03T15:23:43-04:00] gemma9b sweep c=16 start
[2026-08-03T15:25:47-04:00] gemma9b sweep c=32 start
[2026-08-03T15:27:50-04:00] gemma9b sweep c=64 start
[2026-08-03T15:29:55-04:00] gemma9b sweep c=128 start
[2026-08-03T15:31:57-04:00] gemma9b sweep c=192 start
[2026-08-03T15:34:02-04:00] gemma9b sweep c=256 start
[2026-08-03T15:36:05-04:00] gemma9b overhang start
[2026-08-03T15:39:18-04:00] gemma9b COMPLETE (baseline+sweep+overhang). Held-out separability runs post-c*.
[2026-08-03T15:39:18-04:00] === gemma9b rc=0 ===
[2026-08-03T15:39:18-04:00] MASTER COMPLETE
